<?xml version="1.0" encoding="utf-8"?><testsuites name="pytest tests"><testsuite name="pytest" errors="1" failures="0" skipped="0" tests="1" time="24.753" timestamp="2025-06-20T14:18:38.912502+00:00" hostname="794e742f6e4a"><testcase classname="" name="tests.test_comprehensive_data_preprocessing" time="0.000"><error message="collection failure">ImportError while importing test module '/workspaces/trading-rl-agent/tests/test_comprehensive_data_preprocessing.py'.
Hint: make sure your test modules/packages have valid Python names.
Traceback:
/home/rluser/.local/lib/python3.10/site-packages/_pytest/python.py:498: in importtestmodule
    mod = import_path(
/home/rluser/.local/lib/python3.10/site-packages/_pytest/pathlib.py:587: in import_path
    importlib.import_module(module_name)
/usr/lib/python3.10/importlib/__init__.py:126: in import_module
    return _bootstrap._gcd_import(name[level:], package, level)
&lt;frozen importlib._bootstrap&gt;:1050: in _gcd_import
    ???
&lt;frozen importlib._bootstrap&gt;:1027: in _find_and_load
    ???
&lt;frozen importlib._bootstrap&gt;:1006: in _find_and_load_unlocked
    ???
&lt;frozen importlib._bootstrap&gt;:688: in _load_unlocked
    ???
/home/rluser/.local/lib/python3.10/site-packages/_pytest/assertion/rewrite.py:186: in exec_module
    exec(co, module.__dict__)
tests/test_comprehensive_data_preprocessing.py:30: in &lt;module&gt;
    from src.data.preprocessing import create_sequences, standardize_data
E   ModuleNotFoundError: No module named 'src.data.preprocessing'</error></testcase></testsuite></testsuites>